alr-repo/bar-pkg 1.0.0-1
alr-repo/foo-pkg 1.0.0-1
