- name: alr-repo
  url: https://gitea.plemya-x.ru/Plemya-x/repo-for-tests
  ref: main
  mirrors:
  - https://github.com/example/example.git
