libc.so.6()(64bit)
libm.so.6()(64bit)
libtinfo.so.6()(64bit)
